trace: Das ist ein Test: 2
a: a
b: b
c: c
1 step later...
