{ a = 2, b = [ 1 ], c(1, [  ]) = [  ] }
{ a = 3, b = [ 2, 1 ], c(2, [ 1 ]) = [ 1 ] }
{ a = 4, b = [ 3, 2, 1 ], c(3, [ 2, 1 ]) = [ 2, 1 ] }
{ a = 5, b = [ 4, 3, 2, 1 ], c(4, [ 3, 2, 1 ]) = [ 3, 2, 1 ] }
{ program(self) = undef, a = 6, b = [ 5, 4, 3, 2, 1 ], c(5, [ 4, 3, 2, 1 ]) = [ 4, 3, 2, 1 ] }
5 steps later...
