initR=STATEMENTS(LET CONST(ident c0__,num 32),STATEMENTS(LET CONST(ident c1__,num 1),STATEMENTS(LET CONST(ident c2__,num 2),STATEMENTS(LET CONST(ident c3__,num 3),STATEMENTS(LET CONST(ident c4__,num 5),STATEMENTS(LET CONST(ident c5__,SELF),STATEMENTS(LET CONST(ident c6__,UNDEF),STATEMENTS(LET CONST(ident c7__,num 11),PARBLOCK(STATEMENTS(UPDATE(ident bf,ident c2__),STATEMENTS(UPDATE(ident af,ident c7__),STATEMENTS(UPDATE(LOOKUP(ident program,LIST(ident c5__,null)),ident c6__),null))),null)))))))))
