foo=STATEMENTS(LET CONST(ident c0__,str 4d2),STATEMENTS(LET CONST(ident c1__,SELF),STATEMENTS(LET CONST(ident c2__,UNDEF),PARBLOCK(STATEMENTS(PRINT(LIST(ident c0__,null),null),STATEMENTS(UPDATE(LOOKUP(ident program,LIST(ident c1__,null)),ident c2__),null)),null))))
