Fibonacci(27) using dynamic programming: 
=196418
1 step later...
