trace: i = 1
trace: i = 2
trace: i = 3
trace: x = 1
trace: x = 4
trace: x = 7
trace: x = 0
trace: x = 1
trace: x = 2
trace: x = 3
trace: x = 4
trace: x = 0
trace: x = -1
trace: x = -2
trace: x = -3
trace: x = -4
trace: x = e1
trace: x = e2
trace: x = e3
trace: x = e4
trace: x = e5
1 step later...
