tff(symbolNext, type, sym2: $int).
fof(id0,hypothesis,stx(1,sym2)).%CREATE: x 
fof('idutils/tests/symbolic/dont_fork_on_equal_pathcondition.casm:14',hypothesis,sym2=0).
% utils/tests/symbolic/dont_fork_on_equal_pathcondition.casm:15 PC-LOOKUP sym2
% utils/tests/symbolic/dont_fork_on_equal_pathcondition.casm:16 PC-LOOKUP sym2
x
fof(id1,hypothesis,stx(2,sym2)).%SYMBOLIC: x 
fof(final0,hypothesis,stx(0,sym2)).%FINAL: x 
