tff(symbolNext, type, sym2: $int).
fof(id0,hypothesis,sta(1,sym2)).%CREATE: a 
fof(id1,hypothesis,sta(2,sym2)).%SYMBOLIC: a 
fof(final0,hypothesis,sta(0,sym2)).%FINAL: a 
