forklog:
tff(symbolNext, type, sym2: $int).
fof(id0,hypothesis,stfoo(1,1,sym2)).%CREATE: foo(1)
tff(symbolNext, type, sym3: $int).
fof(id1,hypothesis,stfoo(1,2,sym3)).%CREATE: foo(2)
fof(id2,hypothesis,stfoo(2,2,sym3)).%SYMBOLIC: foo(2)
fof(id3,hypothesis,stfoo(2,1,sym2)).%SYMBOLIC: foo(1)
fof(final0,hypothesis,stfoo(0,2,sym3)).%FINAL: foo(2)
fof(final1,hypothesis,stfoo(0,1,sym2)).%FINAL: foo(1)

