forklog:I
fof(id0,hypothesis,stc(1,0)).%CREATE: c
tff(symbolNext, type, sym2: $int).
fof(id1,hypothesis,sta(1,sym2)).%CREATE: a
tff(symbolNext, type, sym3: $int).
fof(id2,hypothesis,stb(1,sym3)).%CREATE: b
fof('idlesse.casm:10',hypothesis,$lesseq(sym2, sym3)).
fof(id3,hypothesis,stc(2,1)).%UPDATE: c
fof(id4,hypothesis,sta(2,sym2)).%SYMBOLIC: a
fof(id5,hypothesis,stb(2,sym3)).%SYMBOLIC: b
fof(final0,hypothesis,sta(0,sym2)).%FINAL: a
fof(final1,hypothesis,stb(0,sym3)).%FINAL: b
fof(final2,hypothesis,stc(0,1)).%FINAL: c

forklog:E
fof(id0,hypothesis,stc(1,0)).%CREATE: c
tff(symbolNext, type, sym2: $int).
fof(id1,hypothesis,sta(1,sym2)).%CREATE: a
tff(symbolNext, type, sym3: $int).
fof(id2,hypothesis,stb(1,sym3)).%CREATE: b
fof('idlesse.casm:10',hypothesis,$greater(sym2, sym3)).
fof(id3,hypothesis,stc(2,2)).%UPDATE: c
fof(id4,hypothesis,sta(2,sym2)).%SYMBOLIC: a
fof(id5,hypothesis,stb(2,sym3)).%SYMBOLIC: b
fof(final0,hypothesis,sta(0,sym2)).%FINAL: a
fof(final1,hypothesis,stb(0,sym3)).%FINAL: b
fof(final2,hypothesis,stc(0,2)).%FINAL: c

