forklog:
tff(symbolNext, type, sym2: $int).
fof(id0,hypothesis,sta(1,sym2)).%CREATE: a
tff(symbolNext, type, sym3: $int).
fof(id1,hypothesis,stb(1,sym3)).%CREATE: b
fof(id2,hypothesis,sta(2,1)).%UPDATE: a
fof(id3,hypothesis,stb(2,99)).%UPDATE: b
fof(final0,hypothesis,sta(0,1)).%FINAL: a
fof(final1,hypothesis,stb(0,99)).%FINAL: b

