forklog:
tff(symbolNext, type, sym1: $int).
fof(id1,hypothesis,stb(1,sym1)).%CREATE: b
fof(id2,hypothesis,stb(1,sym1)).%SYMBOLIC: b
fof(final0,hypothesis,stb(0,sym1)).%FINAL: b

