> bb_500=SEQBLOCK(STATEMENTS(UPDATE(ident BLOCK,UNDEF),STATEMENTS(STATEMENTS(LET(ident l0__,LET(null,LET(num 10,PARBLOCK(LET(ident l1__,LET(null,LET(num 10,PARBLOCK(LET(ident l2__,LET(null,LET(num 648,PARBLOCK(IF(=(ident l0__,ident l1__),UPDATE(ident BLOCK,ident l2__)),null)))),null)))),null)))),null),STATEMENTS(IF(AND(!=(ident BLOCK,num 648),TRUE),SEQBLOCK(STATEMENTS(ASSERT(FALSE,null),null),null)),STATEMENTS(IF(=(ident BLOCK,num 650),SEQBLOCK(STATEMENTS(ASSERT(FALSE,null),null),null)),STATEMENTS(IF(=(ident BLOCK,num 648),SEQBLOCK(STATEMENTS(UPDATE(ident BLOCK,num 654),STATEMENTS(STATEMENTS(LET(ident l3__,LET(null,LET(num 20,PARBLOCK(LET(ident l4__,LET(null,LET(num 30,PARBLOCK(LET(ident l5__,LET(null,LET(num 653,PARBLOCK(IF(=(ident l3__,ident l4__),UPDATE(ident BLOCK,ident l5__)),null)))),null)))),null)))),null),null)),null)),STATEMENTS(IF(=(ident BLOCK,num 654),SEQBLOCK(STATEMENTS(UPDATE(ident BLOCK,num 651),STATEMENTS(STATEMENTS(LET(ident l6__,LET(null,LET(num 54,PARBLOCK(UPDATE(ident BLOCK,ident l6__),null)))),null),null)),null)),STATEMENTS(UPDATE(LOOKUP(ident program,LIST(SELF,null)),UNDEF),null))))))),null)



bb_500=SEQBLOCK(STATEMENTS(UPDATE(ident BLOCK,UNDEF),STATEMENTS(STATEMENTS(STATEMENTS(LOCAL(ident l0__,num 10),STATEMENTS(LOCAL(ident l1__,num 10),STATEMENTS(LOCAL(ident l2__,num 648),IF(=(ident l0__,ident l1__),UPDATE(ident BLOCK,ident l2__))))),null),STATEMENTS(IF(AND(!=(ident BLOCK,num 648),TRUE),SEQBLOCK(STATEMENTS(ASSERT(FALSE,null),null),null)),STATEMENTS(IF(=(ident BLOCK,num 650),SEQBLOCK(STATEMENTS(ASSERT(FALSE,null),null),null)),STATEMENTS(IF(=(ident BLOCK,num 648),SEQBLOCK(STATEMENTS(UPDATE(ident BLOCK,num 654),STATEMENTS(STATEMENTS(STATEMENTS(LOCAL(ident l3__,num 20),STATEMENTS(LOCAL(ident l4__,num 30),STATEMENTS(LOCAL(ident l5__,num 653),IF(=(ident l3__,ident l4__),UPDATE(ident BLOCK,ident l5__))))),null),null)),null)),STATEMENTS(IF(=(ident BLOCK,num 654),SEQBLOCK(STATEMENTS(UPDATE(ident BLOCK,num 651),STATEMENTS(STATEMENTS(STATEMENTS(LOCAL(ident l6__,num 54),UPDATE(ident BLOCK,ident l6__)),null),null)),null)),STATEMENTS(UPDATE(LOOKUP(ident program,LIST(SELF,null)),UNDEF),null))))))),null)

bb_beq=LET(ident rs,LET(null,LET(num 10,LET(ident rt,LET(null,LET(num 10,LET(ident offset,LET(null,LET(num 648,IF(=(ident rs,ident rt),UPDATE(ident BLOCK,ident offset)))))))))))

bb_bne=LET(ident rs,LET(null,LET(num 20,LET(ident rt,LET(null,LET(num 30,LET(ident offset,LET(null,LET(num 653,IF(=(ident rs,ident rt),UPDATE(ident BLOCK,ident offset)))))))))))

bb_j=LET(ident _addr,LET(null,LET(num 54,UPDATE(ident BLOCK,ident _addr))))
