foo=STATEMENTS(LET CONST(ident c0__,str 4d2),PARBLOCK(STATEMENTS(PRINT(LIST(ident c0__,null),null),STATEMENTS(UPDATE(LOOKUP(ident program,LIST(SELF,null)),UNDEF),null)),null))
