foo=PARBLOCK(STATEMENTS(LET(ident baz,LET(null,LET(-(*(num 10,num 2),num 3),PARBLOCK(UPDATE(LOOKUP(ident program,LIST(SELF,null)),UNDEF),null)))),null),null)