foo=STATEMENTS(LET CONST(ident c0__,num 10),STATEMENTS(LET CONST(ident c1__,num 648),STATEMENTS(LET CONST(ident c2__,FALSE),STATEMENTS(LET CONST(ident c3__,num 650),STATEMENTS(LET CONST(ident c4__,num 654),STATEMENTS(LET CONST(ident c5__,num 20),STATEMENTS(LET CONST(ident c6__,num 30),STATEMENTS(LET CONST(ident c7__,num 653),STATEMENTS(LET CONST(ident c8__,num 651),STATEMENTS(LET CONST(ident c9__,num 54),STATEMENTS(LET CONST(ident c10__,TRUE),SEQBLOCK(STATEMENTS(STATEMENTS(LOCAL(ident v1__,UNDEF),UPDATE(ident BLOCK,ident v1__)),STATEMENTS(STATEMENTS(SKIP,STATEMENTS(PARBLOCK(PARBLOCK(PARBLOCK(IF(ident c10__,UPDATE(ident BLOCK,ident c1__)),null),null),null),null)),STATEMENTS(IF(ident c10__,SEQBLOCK(STATEMENTS(ASSERT(ident c2__,null),null),null)),STATEMENTS(IF(ident c2__,SEQBLOCK(STATEMENTS(ASSERT(ident c2__,null),null),null)),STATEMENTS(IF(ident c2__,SEQBLOCK(STATEMENTS(UPDATE(ident BLOCK,ident c4__),STATEMENTS(STATEMENTS(PARBLOCK(PARBLOCK(PARBLOCK(IF(ident c2__,UPDATE(ident BLOCK,ident c7__)),null),null),null),null),null)),null)),STATEMENTS(IF(=(ident BLOCK,ident c4__),SEQBLOCK(STATEMENTS(UPDATE(ident BLOCK,ident c8__),STATEMENTS(STATEMENTS(PARBLOCK(UPDATE(ident BLOCK,ident c9__),null),null),null)),null)),STATEMENTS(UPDATE(LOOKUP(ident program,LIST(SELF,null)),UNDEF),null))))))),null))))))))))))

bb_beq=STATEMENTS(LET CONST(ident c0__,num 10),STATEMENTS(LET CONST(ident c1__,num 648),STATEMENTS(LET CONST(ident c2__,TRUE),PARBLOCK(PARBLOCK(PARBLOCK(IF(ident c2__,UPDATE(ident BLOCK,ident c1__)),null),null),null))))

bb_bne=STATEMENTS(LET CONST(ident c0__,num 20),STATEMENTS(LET CONST(ident c1__,num 30),STATEMENTS(LET CONST(ident c2__,num 653),STATEMENTS(LET CONST(ident c3__,FALSE),PARBLOCK(PARBLOCK(PARBLOCK(IF(ident c3__,UPDATE(ident BLOCK,ident c2__)),null),null),null)))))

bb_j=STATEMENTS(LET CONST(ident c0__,num 54),PARBLOCK(UPDATE(ident BLOCK,ident c0__),null))
